[2025-03-25 15:35:23] Falha na geração de imagem para personagem 'Mia'
Prompt: Retrato de Mia: Uma gata adulta elegante com pelagem malhada em tons de cinza, olhos verdes brilhantes e expressivos. Movimentos fluidos e graciosos, personalidade maternal com seus filhotes. Animação...
Usando imagem de placeholder como fallback.

[2025-03-25 15:37:38] Falha na geração de imagem para personagem 'Edith'
Prompt: Retrato de Edith: Uma menina pequena e espirituosa de 6 anos, mais nova que Alice, cabelos cacheados ruivos volumosos e indomáveis, vestido verde da era vitoriana com detalhes infantis. Movimentos ráp...
Usando imagem de placeholder como fallback.

[2025-03-25 15:39:54] Falha na geração de imagem para personagem 'mamãe'
Prompt: Retrato de mamãe: Uma mulher elegante da era vitoriana de 40 anos, cabelos escuros presos em coque elaborado, vestido longo roxo formal com detalhes delicados. Postura nobre com movimentos precisos, e...
Usando imagem de placeholder como fallback.

[2025-03-25 15:42:08] Falha na geração de imagem para personagem 'papai'
Prompt: Retrato de papai: Um homem imponente da era vitoriana de 45 anos, barba curta bem aparada, roupas formais de reitor com detalhes dourados. Postura rígida mas digna, movimentos calculados, expressões q...
Usando imagem de placeholder como fallback.

[2025-03-25 15:44:24] Falha na geração de imagem para personagem 'Ludovico'
Prompt: Retrato de Ludovico: Personagem Ludovico em estilo de animação 3D infantil, era vitoriana, com movimentos fluidos e expressões faciais marcantes. Em estilo de livro infantil clássico, ilustração delic...
Usando imagem de placeholder como fallback.

[2025-03-25 15:46:37] Falha na geração de imagem para personagem 'Lóri'
Prompt: Retrato de Lóri: Uma adolescente elegante de 15 anos, mais velha que Alice, cabelos castanhos em penteado elaborado da era vitoriana, vestido formal azul-escuro com babados e fitas. Postura refinada c...
Usando imagem de placeholder como fallback.

[2025-03-25 15:48:51] Falha na geração de imagem para personagem 'Alice'
Prompt: Retrato de Alice: Uma menina de 8 anos com cabelos loiros compridos até a cintura, vestido azul claro com avental branco, meias brancas e sapatos pretos. Olhos azuis grandes e expressivos, pele clara,...
Usando imagem de placeholder como fallback.

[2025-03-25 15:53:52] Falha na geração de imagem para personagem 'Alice'
Prompt: Retrato de Alice: Uma menina de 8 anos com cabelos loiros compridos até a cintura, vestido azul claro com avental branco, meias brancas e sapatos pretos. Olhos azuis grandes e expressivos, pele clara,...
Usando imagem de placeholder como fallback.

[2025-03-25 15:56:10] Falha na geração de imagem para personagem 'Ludovico'
Prompt: Retrato de Ludovico: Personagem Ludovico em estilo de animação 3D infantil, era vitoriana, com movimentos fluidos e expressões faciais marcantes. Em estilo de livro infantil clássico, ilustração delic...
Usando imagem de placeholder como fallback.

[2025-03-25 15:58:23] Falha na geração de imagem para personagem 'Lóri'
Prompt: Retrato de Lóri: Uma adolescente elegante de 15 anos, mais velha que Alice, cabelos castanhos em penteado elaborado da era vitoriana, vestido formal azul-escuro com babados e fitas. Postura refinada c...
Usando imagem de placeholder como fallback.

[2025-03-25 16:00:37] Falha na geração de imagem para personagem 'Mia'
Prompt: Retrato de Mia: Uma gata adulta elegante com pelagem malhada em tons de cinza, olhos verdes brilhantes e expressivos. Movimentos fluidos e graciosos, personalidade maternal com seus filhotes. Animação...
Usando imagem de placeholder como fallback.

[2025-03-25 16:02:52] Falha na geração de imagem para personagem 'Edith'
Prompt: Retrato de Edith: Uma menina pequena e espirituosa de 6 anos, mais nova que Alice, cabelos cacheados ruivos volumosos e indomáveis, vestido verde da era vitoriana com detalhes infantis. Movimentos ráp...
Usando imagem de placeholder como fallback.

[2025-03-25 16:05:06] Falha na geração de imagem para personagem 'papai'
Prompt: Retrato de papai: Um homem imponente da era vitoriana de 45 anos, barba curta bem aparada, roupas formais de reitor com detalhes dourados. Postura rígida mas digna, movimentos calculados, expressões q...
Usando imagem de placeholder como fallback.

[2025-03-25 16:07:18] Falha na geração de imagem para personagem 'mamãe'
Prompt: Retrato de mamãe: Uma mulher elegante da era vitoriana de 40 anos, cabelos escuros presos em coque elaborado, vestido longo roxo formal com detalhes delicados. Postura nobre com movimentos precisos, e...
Usando imagem de placeholder como fallback.

